Archive member included to satisfy reference by file (symbol)

c:/gcc-arm-none-eabi-5_4-2016q3-20160926-win32/bin/../lib/gcc/arm-none-eabi/5.4.1/armv6-m\libgcc.a(_udivsi3.o)
                              ..\obj\stm32f0xx_rcc.o (__aeabi_uidiv)
c:/gcc-arm-none-eabi-5_4-2016q3-20160926-win32/bin/../lib/gcc/arm-none-eabi/5.4.1/armv6-m\libgcc.a(_divsi3.o)
                              ..\obj\aes.o (__aeabi_idivmod)
c:/gcc-arm-none-eabi-5_4-2016q3-20160926-win32/bin/../lib/gcc/arm-none-eabi/5.4.1/armv6-m\libgcc.a(_dvmd_tls.o)
                              c:/gcc-arm-none-eabi-5_4-2016q3-20160926-win32/bin/../lib/gcc/arm-none-eabi/5.4.1/armv6-m\libgcc.a(_udivsi3.o) (__aeabi_idiv0)
c:/gcc-arm-none-eabi-5_4-2016q3-20160926-win32/bin/../lib/gcc/arm-none-eabi/5.4.1/../../../../arm-none-eabi/lib/armv6-m\libg.a(lib_a-memcpy-stub.o)
                              ..\obj\des.o (memcpy)
c:/gcc-arm-none-eabi-5_4-2016q3-20160926-win32/bin/../lib/gcc/arm-none-eabi/5.4.1/../../../../arm-none-eabi/lib/armv6-m\libg.a(lib_a-rand.o)
                              ..\obj\aes.o (rand)
c:/gcc-arm-none-eabi-5_4-2016q3-20160926-win32/bin/../lib/gcc/arm-none-eabi/5.4.1/../../../../arm-none-eabi/lib/armv6-m\libg.a(lib_a-impure.o)
                              c:/gcc-arm-none-eabi-5_4-2016q3-20160926-win32/bin/../lib/gcc/arm-none-eabi/5.4.1/../../../../arm-none-eabi/lib/armv6-m\libg.a(lib_a-rand.o) (_impure_ptr)
c:/gcc-arm-none-eabi-5_4-2016q3-20160926-win32/bin/../lib/gcc/arm-none-eabi/5.4.1/armv6-m\libgcc.a(_muldi3.o)
                              c:/gcc-arm-none-eabi-5_4-2016q3-20160926-win32/bin/../lib/gcc/arm-none-eabi/5.4.1/../../../../arm-none-eabi/lib/armv6-m\libg.a(lib_a-rand.o) (__aeabi_lmul)

Allocating common symbols
Common symbol       size              file

BufferTx            0x80              ..\obj\pinata_protocol.o
mask1               0x4               ..\obj\des.o
mask2               0x4               ..\obj\des.o
l                   0x4               ..\obj\des.o
k                   0x7               ..\obj\des.o
r                   0x4               ..\obj\des.o
BufferRx            0x80              ..\obj\pinata_protocol.o

Discarded input sections

 .text          0x00000000        0x0 ..\obj\stm32f0xx_rcc.o
 .data          0x00000000       0x10 ..\obj\stm32f0xx_rcc.o
 .bss           0x00000000        0x0 ..\obj\stm32f0xx_rcc.o
 .text.RCC_DeInit
                0x00000000       0x88 ..\obj\stm32f0xx_rcc.o
 .text.RCC_HSEConfig
                0x00000000       0x28 ..\obj\stm32f0xx_rcc.o
 .text.RCC_WaitForHSEStartUp
                0x00000000       0x60 ..\obj\stm32f0xx_rcc.o
 .text.RCC_AdjustHSICalibrationValue
                0x00000000       0x3c ..\obj\stm32f0xx_rcc.o
 .text.RCC_HSICmd
                0x00000000       0x3c ..\obj\stm32f0xx_rcc.o
 .text.RCC_AdjustHSI14CalibrationValue
                0x00000000       0x3c ..\obj\stm32f0xx_rcc.o
 .text.RCC_HSI14Cmd
                0x00000000       0x3c ..\obj\stm32f0xx_rcc.o
 .text.RCC_HSI14ADCRequestCmd
                0x00000000       0x3c ..\obj\stm32f0xx_rcc.o
 .text.RCC_LSEConfig
                0x00000000       0x38 ..\obj\stm32f0xx_rcc.o
 .text.RCC_LSEDriveConfig
                0x00000000       0x2c ..\obj\stm32f0xx_rcc.o
 .text.RCC_LSICmd
                0x00000000       0x3c ..\obj\stm32f0xx_rcc.o
 .text.RCC_PLLConfig
                0x00000000       0x38 ..\obj\stm32f0xx_rcc.o
 .text.RCC_PLLCmd
                0x00000000       0x40 ..\obj\stm32f0xx_rcc.o
 .text.RCC_PREDIV1Config
                0x00000000       0x34 ..\obj\stm32f0xx_rcc.o
 .text.RCC_ClockSecuritySystemCmd
                0x00000000       0x40 ..\obj\stm32f0xx_rcc.o
 .text.RCC_MCOConfig
                0x00000000       0x20 ..\obj\stm32f0xx_rcc.o
 .text.RCC_SYSCLKConfig
                0x00000000       0x34 ..\obj\stm32f0xx_rcc.o
 .text.RCC_GetSYSCLKSource
                0x00000000       0x1c ..\obj\stm32f0xx_rcc.o
 .text.RCC_HCLKConfig
                0x00000000       0x34 ..\obj\stm32f0xx_rcc.o
 .text.RCC_PCLKConfig
                0x00000000       0x38 ..\obj\stm32f0xx_rcc.o
 .text.RCC_ADCCLKConfig
                0x00000000       0x54 ..\obj\stm32f0xx_rcc.o
 .text.RCC_CECCLKConfig
                0x00000000       0x2c ..\obj\stm32f0xx_rcc.o
 .text.RCC_I2CCLKConfig
                0x00000000       0x2c ..\obj\stm32f0xx_rcc.o
 .text.RCC_USARTCLKConfig
                0x00000000       0x2c ..\obj\stm32f0xx_rcc.o
 .text.RCC_GetClocksFreq
                0x00000000      0x1d0 ..\obj\stm32f0xx_rcc.o
 .text.RCC_RTCCLKConfig
                0x00000000       0x20 ..\obj\stm32f0xx_rcc.o
 .text.RCC_RTCCLKCmd
                0x00000000       0x40 ..\obj\stm32f0xx_rcc.o
 .text.RCC_BackupResetCmd
                0x00000000       0x40 ..\obj\stm32f0xx_rcc.o
 .text.RCC_APB2PeriphClockCmd
                0x00000000       0x40 ..\obj\stm32f0xx_rcc.o
 .text.RCC_APB1PeriphClockCmd
                0x00000000       0x40 ..\obj\stm32f0xx_rcc.o
 .text.RCC_AHBPeriphResetCmd
                0x00000000       0x40 ..\obj\stm32f0xx_rcc.o
 .text.RCC_APB2PeriphResetCmd
                0x00000000       0x40 ..\obj\stm32f0xx_rcc.o
 .text.RCC_APB1PeriphResetCmd
                0x00000000       0x40 ..\obj\stm32f0xx_rcc.o
 .text.RCC_ITConfig
                0x00000000       0x50 ..\obj\stm32f0xx_rcc.o
 .text.RCC_GetFlagStatus
                0x00000000       0x94 ..\obj\stm32f0xx_rcc.o
 .text.RCC_ClearFlag
                0x00000000       0x1c ..\obj\stm32f0xx_rcc.o
 .text.RCC_GetITStatus
                0x00000000       0x44 ..\obj\stm32f0xx_rcc.o
 .text.RCC_ClearITPendingBit
                0x00000000       0x20 ..\obj\stm32f0xx_rcc.o
 .text          0x00000000        0x0 ..\obj\main.o
 .data          0x00000000        0x0 ..\obj\main.o
 .bss           0x00000000        0x0 ..\obj\main.o
 .text          0x00000000       0x14 ..\obj\startup_stm32f0xx.o
 .data          0x00000000        0x0 ..\obj\startup_stm32f0xx.o
 .bss           0x00000000        0x0 ..\obj\startup_stm32f0xx.o
 .text          0x00000000        0x0 ..\obj\aes.o
 .data          0x00000000        0x0 ..\obj\aes.o
 .text.AES128_ECB_encrypt_noTrigger
                0x00000000       0x3c ..\obj\aes.o
 .text.AES128_ECB_encrypt_misaligned
                0x00000000       0x3c ..\obj\aes.o
 .text          0x00000000        0x0 ..\obj\system_stm32f0xx_temp.o
 .data          0x00000000       0x14 ..\obj\system_stm32f0xx_temp.o
 .bss           0x00000000        0x0 ..\obj\system_stm32f0xx_temp.o
 .text.SystemCoreClockUpdate1
                0x00000000       0xd4 ..\obj\system_stm32f0xx_temp.o
 .text          0x00000000        0x0 ..\obj\stm32f0xx_gpio.o
 .data          0x00000000        0x0 ..\obj\stm32f0xx_gpio.o
 .bss           0x00000000        0x0 ..\obj\stm32f0xx_gpio.o
 .text.GPIO_DeInit
                0x00000000       0xcc ..\obj\stm32f0xx_gpio.o
 .text.GPIO_PinLockConfig
                0x00000000       0x48 ..\obj\stm32f0xx_gpio.o
 .text.GPIO_ReadInputDataBit
                0x00000000       0x48 ..\obj\stm32f0xx_gpio.o
 .text.GPIO_ReadInputData
                0x00000000       0x18 ..\obj\stm32f0xx_gpio.o
 .text.GPIO_ReadOutputDataBit
                0x00000000       0x48 ..\obj\stm32f0xx_gpio.o
 .text.GPIO_ReadOutputData
                0x00000000       0x18 ..\obj\stm32f0xx_gpio.o
 .text.GPIO_SetBits
                0x00000000       0x20 ..\obj\stm32f0xx_gpio.o
 .text.GPIO_ResetBits
                0x00000000       0x20 ..\obj\stm32f0xx_gpio.o
 .text.GPIO_Write
                0x00000000       0x20 ..\obj\stm32f0xx_gpio.o
 .text.GPIO_PinAFConfig
                0x00000000       0xa4 ..\obj\stm32f0xx_gpio.o
 .text          0x00000000        0x0 ..\obj\syscalls.o
 .data          0x00000000        0x0 ..\obj\syscalls.o
 .bss           0x00000000        0x4 ..\obj\syscalls.o
 .text._sbrk    0x00000000       0x3c ..\obj\syscalls.o
 .text.link     0x00000000       0x18 ..\obj\syscalls.o
 .text._close   0x00000000       0x14 ..\obj\syscalls.o
 .text._fstat   0x00000000       0x1c ..\obj\syscalls.o
 .text._isatty  0x00000000       0x14 ..\obj\syscalls.o
 .text._lseek   0x00000000       0x18 ..\obj\syscalls.o
 .text._read    0x00000000       0x18 ..\obj\syscalls.o
 .text._write   0x00000000       0x18 ..\obj\syscalls.o
 .text.abort    0x00000000        0x8 ..\obj\syscalls.o
 .debug_info    0x00000000      0x458 ..\obj\syscalls.o
 .debug_abbrev  0x00000000       0xe5 ..\obj\syscalls.o
 .debug_aranges
                0x00000000       0x60 ..\obj\syscalls.o
 .debug_ranges  0x00000000       0x50 ..\obj\syscalls.o
 .debug_line    0x00000000      0x1e5 ..\obj\syscalls.o
 .debug_str     0x00000000      0x354 ..\obj\syscalls.o
 .comment       0x00000000       0x6f ..\obj\syscalls.o
 .debug_frame   0x00000000      0x12c ..\obj\syscalls.o
 .ARM.attributes
                0x00000000       0x31 ..\obj\syscalls.o
 .text          0x00000000        0x0 ..\obj\stm32f0xx_usart.o
 .data          0x00000000        0x0 ..\obj\stm32f0xx_usart.o
 .bss           0x00000000        0x0 ..\obj\stm32f0xx_usart.o
 .text.USART_DeInit
                0x00000000       0x5c ..\obj\stm32f0xx_usart.o
 .text.USART_Init
                0x00000000      0x160 ..\obj\stm32f0xx_usart.o
 .text.USART_StructInit
                0x00000000       0x38 ..\obj\stm32f0xx_usart.o
 .text.USART_ClockInit
                0x00000000       0x4c ..\obj\stm32f0xx_usart.o
 .text.USART_ClockStructInit
                0x00000000       0x28 ..\obj\stm32f0xx_usart.o
 .text.USART_Cmd
                0x00000000       0x3c ..\obj\stm32f0xx_usart.o
 .text.USART_DirectionModeCmd
                0x00000000       0x3c ..\obj\stm32f0xx_usart.o
 .text.USART_OverSampling8Cmd
                0x00000000       0x40 ..\obj\stm32f0xx_usart.o
 .text.USART_OneBitMethodCmd
                0x00000000       0x40 ..\obj\stm32f0xx_usart.o
 .text.USART_MSBFirstCmd
                0x00000000       0x40 ..\obj\stm32f0xx_usart.o
 .text.USART_DataInvCmd
                0x00000000       0x40 ..\obj\stm32f0xx_usart.o
 .text.USART_InvPinCmd
                0x00000000       0x3c ..\obj\stm32f0xx_usart.o
 .text.USART_SWAPPinCmd
                0x00000000       0x40 ..\obj\stm32f0xx_usart.o
 .text.USART_ReceiverTimeOutCmd
                0x00000000       0x40 ..\obj\stm32f0xx_usart.o
 .text.USART_SetReceiverTimeOut
                0x00000000       0x2c ..\obj\stm32f0xx_usart.o
 .text.USART_SetPrescaler
                0x00000000       0x3c ..\obj\stm32f0xx_usart.o
 .text.USART_STOPModeCmd
                0x00000000       0x3c ..\obj\stm32f0xx_usart.o
 .text.USART_StopModeWakeUpSourceConfig
                0x00000000       0x30 ..\obj\stm32f0xx_usart.o
 .text.USART_AutoBaudRateCmd
                0x00000000       0x40 ..\obj\stm32f0xx_usart.o
 .text.USART_AutoBaudRateConfig
                0x00000000       0x30 ..\obj\stm32f0xx_usart.o
 .text.USART_SetAddress
                0x00000000       0x34 ..\obj\stm32f0xx_usart.o
 .text.USART_MuteModeCmd
                0x00000000       0x40 ..\obj\stm32f0xx_usart.o
 .text.USART_MuteModeWakeUpConfig
                0x00000000       0x30 ..\obj\stm32f0xx_usart.o
 .text.USART_AddressDetectionConfig
                0x00000000       0x2c ..\obj\stm32f0xx_usart.o
 .text.USART_LINBreakDetectLengthConfig
                0x00000000       0x2c ..\obj\stm32f0xx_usart.o
 .text.USART_LINCmd
                0x00000000       0x40 ..\obj\stm32f0xx_usart.o
 .text.USART_HalfDuplexCmd
                0x00000000       0x3c ..\obj\stm32f0xx_usart.o
 .text.USART_SetGuardTime
                0x00000000       0x40 ..\obj\stm32f0xx_usart.o
 .text.USART_SmartCardCmd
                0x00000000       0x3c ..\obj\stm32f0xx_usart.o
 .text.USART_SmartCardNACKCmd
                0x00000000       0x3c ..\obj\stm32f0xx_usart.o
 .text.USART_SetAutoRetryCount
                0x00000000       0x38 ..\obj\stm32f0xx_usart.o
 .text.USART_SetBlockLength
                0x00000000       0x34 ..\obj\stm32f0xx_usart.o
 .text.USART_IrDAConfig
                0x00000000       0x2c ..\obj\stm32f0xx_usart.o
 .text.USART_IrDACmd
                0x00000000       0x3c ..\obj\stm32f0xx_usart.o
 .text.USART_DECmd
                0x00000000       0x40 ..\obj\stm32f0xx_usart.o
 .text.USART_DEPolarityConfig
                0x00000000       0x30 ..\obj\stm32f0xx_usart.o
 .text.USART_SetDEAssertionTime
                0x00000000       0x30 ..\obj\stm32f0xx_usart.o
 .text.USART_SetDEDeassertionTime
                0x00000000       0x30 ..\obj\stm32f0xx_usart.o
 .text.USART_DMACmd
                0x00000000       0x3c ..\obj\stm32f0xx_usart.o
 .text.USART_DMAReceptionErrorConfig
                0x00000000       0x30 ..\obj\stm32f0xx_usart.o
 .text.USART_ITConfig
                0x00000000       0x84 ..\obj\stm32f0xx_usart.o
 .text.USART_RequestCmd
                0x00000000       0x48 ..\obj\stm32f0xx_usart.o
 .text.USART_OverrunDetectionConfig
                0x00000000       0x30 ..\obj\stm32f0xx_usart.o
 .text.USART_ClearFlag
                0x00000000       0x18 ..\obj\stm32f0xx_usart.o
 .text.USART_GetITStatus
                0x00000000       0xb0 ..\obj\stm32f0xx_usart.o
 .text.USART_ClearITPendingBit
                0x00000000       0x30 ..\obj\stm32f0xx_usart.o
 .text          0x00000000        0x0 ..\obj\uart_arduino.o
 .data          0x00000000        0x4 ..\obj\uart_arduino.o
 .text.Nucleo_UsartHard
                0x00000000       0x5c ..\obj\uart_arduino.o
 .text.Nucleo_Initiate_Usart
                0x00000000       0x24 ..\obj\uart_arduino.o
 .text.GPIO_Configuration
                0x00000000       0x48 ..\obj\uart_arduino.o
 .text          0x00000000        0x0 ..\obj\trigger_arduino.o
 .data          0x00000000        0x0 ..\obj\trigger_arduino.o
 .bss           0x00000000        0x0 ..\obj\trigger_arduino.o
 .text          0x00000000        0x0 ..\obj\pinata_protocol.o
 .bss           0x00000000        0x0 ..\obj\pinata_protocol.o
 .text          0x00000000        0x0 ..\obj\led_arduino.o
 .data          0x00000000        0x0 ..\obj\led_arduino.o
 .bss           0x00000000        0x0 ..\obj\led_arduino.o
 .text.led_onboard_off
                0x00000000       0x1c ..\obj\led_arduino.o
 .text          0x00000000        0x0 ..\obj\clock_arduino.o
 .data          0x00000000        0x0 ..\obj\clock_arduino.o
 .bss           0x00000000        0x0 ..\obj\clock_arduino.o
 .text.clock_arduino_16Mhz
                0x00000000       0x34 ..\obj\clock_arduino.o
 .text.clock_arduino_8Mhz
                0x00000000        0xc ..\obj\clock_arduino.o
 .text.clock_arduino_4Mhz
                0x00000000        0xc ..\obj\clock_arduino.o
 .debug_info    0x00000000      0x102 ..\obj\clock_arduino.o
 .debug_abbrev  0x00000000       0x86 ..\obj\clock_arduino.o
 .debug_aranges
                0x00000000       0x30 ..\obj\clock_arduino.o
 .debug_ranges  0x00000000       0x20 ..\obj\clock_arduino.o
 .debug_line    0x00000000      0x19d ..\obj\clock_arduino.o
 .debug_str     0x00000000      0x1be ..\obj\clock_arduino.o
 .comment       0x00000000       0x6f ..\obj\clock_arduino.o
 .debug_frame   0x00000000       0x64 ..\obj\clock_arduino.o
 .ARM.attributes
                0x00000000       0x31 ..\obj\clock_arduino.o
 .text          0x00000000        0x0 ..\obj\des.o
 .bss           0x00000000        0x0 ..\obj\des.o
 .text.desMisaligned
                0x00000000       0x28 ..\obj\des.o
 .text.desRandomSboxes
                0x00000000      0x1dc ..\obj\des.o
 .text.desRandomDelays
                0x00000000      0x1c8 ..\obj\des.o
 .text.randomDelay
                0x00000000       0x14 ..\obj\des.o
 .text          0x00000000      0x114 c:/gcc-arm-none-eabi-5_4-2016q3-20160926-win32/bin/../lib/gcc/arm-none-eabi/5.4.1/armv6-m\libgcc.a(_udivsi3.o)
 .data          0x00000000        0x0 c:/gcc-arm-none-eabi-5_4-2016q3-20160926-win32/bin/../lib/gcc/arm-none-eabi/5.4.1/armv6-m\libgcc.a(_udivsi3.o)
 .bss           0x00000000        0x0 c:/gcc-arm-none-eabi-5_4-2016q3-20160926-win32/bin/../lib/gcc/arm-none-eabi/5.4.1/armv6-m\libgcc.a(_udivsi3.o)
 .debug_frame   0x00000000       0x20 c:/gcc-arm-none-eabi-5_4-2016q3-20160926-win32/bin/../lib/gcc/arm-none-eabi/5.4.1/armv6-m\libgcc.a(_udivsi3.o)
 .ARM.attributes
                0x00000000       0x1e c:/gcc-arm-none-eabi-5_4-2016q3-20160926-win32/bin/../lib/gcc/arm-none-eabi/5.4.1/armv6-m\libgcc.a(_udivsi3.o)
 .data          0x00000000        0x0 c:/gcc-arm-none-eabi-5_4-2016q3-20160926-win32/bin/../lib/gcc/arm-none-eabi/5.4.1/armv6-m\libgcc.a(_divsi3.o)
 .bss           0x00000000        0x0 c:/gcc-arm-none-eabi-5_4-2016q3-20160926-win32/bin/../lib/gcc/arm-none-eabi/5.4.1/armv6-m\libgcc.a(_divsi3.o)
 .data          0x00000000        0x0 c:/gcc-arm-none-eabi-5_4-2016q3-20160926-win32/bin/../lib/gcc/arm-none-eabi/5.4.1/armv6-m\libgcc.a(_dvmd_tls.o)
 .bss           0x00000000        0x0 c:/gcc-arm-none-eabi-5_4-2016q3-20160926-win32/bin/../lib/gcc/arm-none-eabi/5.4.1/armv6-m\libgcc.a(_dvmd_tls.o)
 .text          0x00000000        0x0 c:/gcc-arm-none-eabi-5_4-2016q3-20160926-win32/bin/../lib/gcc/arm-none-eabi/5.4.1/../../../../arm-none-eabi/lib/armv6-m\libg.a(lib_a-memcpy-stub.o)
 .data          0x00000000        0x0 c:/gcc-arm-none-eabi-5_4-2016q3-20160926-win32/bin/../lib/gcc/arm-none-eabi/5.4.1/../../../../arm-none-eabi/lib/armv6-m\libg.a(lib_a-memcpy-stub.o)
 .bss           0x00000000        0x0 c:/gcc-arm-none-eabi-5_4-2016q3-20160926-win32/bin/../lib/gcc/arm-none-eabi/5.4.1/../../../../arm-none-eabi/lib/armv6-m\libg.a(lib_a-memcpy-stub.o)
 .text          0x00000000        0x0 c:/gcc-arm-none-eabi-5_4-2016q3-20160926-win32/bin/../lib/gcc/arm-none-eabi/5.4.1/../../../../arm-none-eabi/lib/armv6-m\libg.a(lib_a-rand.o)
 .data          0x00000000        0x0 c:/gcc-arm-none-eabi-5_4-2016q3-20160926-win32/bin/../lib/gcc/arm-none-eabi/5.4.1/../../../../arm-none-eabi/lib/armv6-m\libg.a(lib_a-rand.o)
 .bss           0x00000000        0x0 c:/gcc-arm-none-eabi-5_4-2016q3-20160926-win32/bin/../lib/gcc/arm-none-eabi/5.4.1/../../../../arm-none-eabi/lib/armv6-m\libg.a(lib_a-rand.o)
 .text.srand    0x00000000       0x14 c:/gcc-arm-none-eabi-5_4-2016q3-20160926-win32/bin/../lib/gcc/arm-none-eabi/5.4.1/../../../../arm-none-eabi/lib/armv6-m\libg.a(lib_a-rand.o)
 .text          0x00000000        0x0 c:/gcc-arm-none-eabi-5_4-2016q3-20160926-win32/bin/../lib/gcc/arm-none-eabi/5.4.1/../../../../arm-none-eabi/lib/armv6-m\libg.a(lib_a-impure.o)
 .data          0x00000000        0x0 c:/gcc-arm-none-eabi-5_4-2016q3-20160926-win32/bin/../lib/gcc/arm-none-eabi/5.4.1/../../../../arm-none-eabi/lib/armv6-m\libg.a(lib_a-impure.o)
 .bss           0x00000000        0x0 c:/gcc-arm-none-eabi-5_4-2016q3-20160926-win32/bin/../lib/gcc/arm-none-eabi/5.4.1/../../../../arm-none-eabi/lib/armv6-m\libg.a(lib_a-impure.o)
 .rodata._global_impure_ptr
                0x00000000        0x4 c:/gcc-arm-none-eabi-5_4-2016q3-20160926-win32/bin/../lib/gcc/arm-none-eabi/5.4.1/../../../../arm-none-eabi/lib/armv6-m\libg.a(lib_a-impure.o)
 .data          0x00000000        0x0 c:/gcc-arm-none-eabi-5_4-2016q3-20160926-win32/bin/../lib/gcc/arm-none-eabi/5.4.1/armv6-m\libgcc.a(_muldi3.o)
 .bss           0x00000000        0x0 c:/gcc-arm-none-eabi-5_4-2016q3-20160926-win32/bin/../lib/gcc/arm-none-eabi/5.4.1/armv6-m\libgcc.a(_muldi3.o)

Memory Configuration

Name             Origin             Length             Attributes
rom              0x08000000         0x00010000         xr
ram              0x20000000         0x00002000         xrw
*default*        0x00000000         0xffffffff

Linker script and memory map

                0x20002000                _eram = 0x20002000

.text           0x08000000     0x3b6c
 *(.isr_vector)
 .isr_vector    0x08000000       0xc4 ..\obj\startup_stm32f0xx.o
                0x08000000                g_pfnVectors
 *(.text*)
 .text.RCC_AHBPeriphClockCmd
                0x080000c4       0x40 ..\obj\stm32f0xx_rcc.o
                0x080000c4                RCC_AHBPeriphClockCmd
 .text.main     0x08000104       0x20 ..\obj\main.o
                0x08000104                main
 .text.Reset_Handler
                0x08000124       0x4c ..\obj\startup_stm32f0xx.o
                0x08000124                Reset_Handler
 .text.Default_Handler
                0x08000170        0x2 ..\obj\startup_stm32f0xx.o
                0x08000170                TIM1_CC_IRQHandler
                0x08000170                HardFault_Handler
                0x08000170                ADC1_COMP_IRQHandler
                0x08000170                SysTick_Handler
                0x08000170                PVD_IRQHandler
                0x08000170                PendSV_Handler
                0x08000170                NMI_Handler
                0x08000170                I2C1_IRQHandler
                0x08000170                SPI1_IRQHandler
                0x08000170                TIM6_DAC_IRQHandler
                0x08000170                EXTI2_3_IRQHandler
                0x08000170                I2C2_IRQHandler
                0x08000170                TIM17_IRQHandler
                0x08000170                RTC_IRQHandler
                0x08000170                TIM16_IRQHandler
                0x08000170                TIM3_IRQHandler
                0x08000170                EXTI4_15_IRQHandler
                0x08000170                RCC_IRQHandler
                0x08000170                DMA1_Channel1_IRQHandler
                0x08000170                Default_Handler
                0x08000170                CEC_IRQHandler
                0x08000170                TIM14_IRQHandler
                0x08000170                DMA1_Channel4_5_IRQHandler
                0x08000170                TIM15_IRQHandler
                0x08000170                EXTI0_1_IRQHandler
                0x08000170                SPI2_IRQHandler
                0x08000170                SVC_Handler
                0x08000170                TS_IRQHandler
                0x08000170                WWDG_IRQHandler
                0x08000170                TIM2_IRQHandler
                0x08000170                DMA1_Channel2_3_IRQHandler
                0x08000170                USART2_IRQHandler
                0x08000170                FLASH_IRQHandler
                0x08000170                USART1_IRQHandler
                0x08000170                TIM1_BRK_UP_TRG_COM_IRQHandler
 *fill*         0x08000172        0x2 
 .text.getSBoxValue
                0x08000174       0x20 ..\obj\aes.o
 .text.getSBoxInvert
                0x08000194       0x20 ..\obj\aes.o
 .text.KeyExpansion
                0x080001b4      0x1dc ..\obj\aes.o
 .text.AddRoundKey
                0x08000390       0xac ..\obj\aes.o
 .text.SubBytes
                0x0800043c       0x74 ..\obj\aes.o
 .text.ShiftRows
                0x080004b0       0x94 ..\obj\aes.o
 .text.xtime    0x08000544       0x40 ..\obj\aes.o
 .text.MixColumns
                0x08000584      0x1a0 ..\obj\aes.o
 .text.InvMixColumns
                0x08000724      0x740 ..\obj\aes.o
 .text.InvSubBytes
                0x08000e64       0x74 ..\obj\aes.o
 .text.InvShiftRows
                0x08000ed8       0x94 ..\obj\aes.o
 .text.Cipher   0x08000f6c      0x118 ..\obj\aes.o
 .text.InvCipher
                0x08001084      0x118 ..\obj\aes.o
 .text.AES128_ECB_encrypt
                0x0800119c       0x74 ..\obj\aes.o
                0x0800119c                AES128_ECB_encrypt
 .text.AES128_ECB_decrypt
                0x08001210       0x74 ..\obj\aes.o
                0x08001210                AES128_ECB_decrypt
 .text.SystemInit1
                0x08001284       0x8c ..\obj\system_stm32f0xx_temp.o
                0x08001284                SystemInit
                0x08001284                SystemInit1
 .text.SetSysClock1
                0x08001310       0xe0 ..\obj\system_stm32f0xx_temp.o
                0x08001310                SetSysClock
 .text.GPIO_Init
                0x080013f0      0x128 ..\obj\stm32f0xx_gpio.o
                0x080013f0                GPIO_Init
 .text.GPIO_StructInit
                0x08001518       0x34 ..\obj\stm32f0xx_gpio.o
                0x08001518                GPIO_StructInit
 .text.GPIO_WriteBit
                0x0800154c       0x3c ..\obj\stm32f0xx_gpio.o
                0x0800154c                GPIO_WriteBit
 .text.USART_SendData
                0x08001588       0x24 ..\obj\stm32f0xx_usart.o
                0x08001588                USART_SendData
 .text.USART_ReceiveData
                0x080015ac       0x1c ..\obj\stm32f0xx_usart.o
                0x080015ac                USART_ReceiveData
 .text.USART_GetFlagStatus
                0x080015c8       0x3c ..\obj\stm32f0xx_usart.o
                0x080015c8                USART_GetFlagStatus
 .text.uart_arduino_init0
                0x08001604        0xc ..\obj\uart_arduino.o
                0x08001604                uart_arduino_init0
 .text.uart_arduino_input_ch_0
                0x08001610       0x1c ..\obj\uart_arduino.o
                0x08001610                uart_arduino_input_ch_0
 .text.uart_arduino_output_ch_0
                0x0800162c       0x20 ..\obj\uart_arduino.o
                0x0800162c                uart_arduino_output_ch_0
 .text.get_char_uart
                0x0800164c       0x34 ..\obj\uart_arduino.o
                0x0800164c                get_char_uart
 .text.send_char_uart
                0x08001680       0x38 ..\obj\uart_arduino.o
                0x08001680                send_char_uart
 .text.trigger_setup
                0x080016b8       0x40 ..\obj\trigger_arduino.o
                0x080016b8                trigger_setup
 .text.trigger_high
                0x080016f8       0x1c ..\obj\trigger_arduino.o
                0x080016f8                trigger_high
 .text.trigger_low
                0x08001714       0x1c ..\obj\trigger_arduino.o
                0x08001714                trigger_low
 .text.pinata_comannd_init
                0x08001730        0xc ..\obj\pinata_protocol.o
                0x08001730                pinata_comannd_init
 .text.pinata_comannd_loop
                0x0800173c       0xb4 ..\obj\pinata_protocol.o
                0x0800173c                pinata_comannd_loop
 .text.simple_pincode_check
                0x080017f0       0x54 ..\obj\pinata_protocol.o
                0x080017f0                simple_pincode_check
 .text.get_core_version
                0x08001844       0x28 ..\obj\pinata_protocol.o
                0x08001844                get_core_version
 .text.des_encypt
                0x0800186c       0x34 ..\obj\pinata_protocol.o
                0x0800186c                des_encypt
 .text.des_decrypt
                0x080018a0       0x34 ..\obj\pinata_protocol.o
                0x080018a0                des_decrypt
 .text.aes_encypt
                0x080018d4       0x38 ..\obj\pinata_protocol.o
                0x080018d4                aes_encypt
 .text.aes_decrypt
                0x0800190c       0x38 ..\obj\pinata_protocol.o
                0x0800190c                aes_decrypt
 .text.get_bytes
                0x08001944       0x3c ..\obj\pinata_protocol.o
                0x08001944                get_bytes
 .text.send_bytes
                0x08001980       0x3c ..\obj\pinata_protocol.o
                0x08001980                send_bytes
 .text.led_onboard_init
                0x080019bc       0x40 ..\obj\led_arduino.o
                0x080019bc                led_onboard_init
 .text.led_onboard_on
                0x080019fc       0x1c ..\obj\led_arduino.o
                0x080019fc                led_onboard_on
 .text.take_6_bits
                0x08001a18       0xe4 ..\obj\des.o
                0x08001a18                take_6_bits
 .text.xor      0x08001afc       0x64 ..\obj\des.o
                0x08001afc                xor
 .text.des      0x08001b60      0x1c0 ..\obj\des.o
                0x08001b60                des
 .text.do_p_n_xor
                0x08001d20      0x418 ..\obj\des.o
                0x08001d20                do_p_n_xor
 .text.E        0x08002138      0x188 ..\obj\des.o
                0x08002138                E
 .text.ip       0x080022c0      0x370 ..\obj\des.o
                0x080022c0                ip
 .text.fp       0x08002630      0x4a8 ..\obj\des.o
                0x08002630                fp
 .text.pc1      0x08002ad8      0x458 ..\obj\des.o
                0x08002ad8                pc1
 .text.pc2      0x08002f30      0x36c ..\obj\des.o
                0x08002f30                pc2
 .text.shiftLeft
                0x0800329c      0x16c ..\obj\des.o
                0x0800329c                shiftLeft
 .text.shiftRight
                0x08003408      0x12c ..\obj\des.o
                0x08003408                shiftRight
 .text          0x08003534      0x1d4 c:/gcc-arm-none-eabi-5_4-2016q3-20160926-win32/bin/../lib/gcc/arm-none-eabi/5.4.1/armv6-m\libgcc.a(_divsi3.o)
                0x08003534                __divsi3
                0x08003534                __aeabi_idiv
                0x08003700                __aeabi_idivmod
 .text          0x08003708        0x4 c:/gcc-arm-none-eabi-5_4-2016q3-20160926-win32/bin/../lib/gcc/arm-none-eabi/5.4.1/armv6-m\libgcc.a(_dvmd_tls.o)
                0x08003708                __aeabi_idiv0
                0x08003708                __aeabi_ldiv0
 .text.memcpy   0x0800370c       0x7c c:/gcc-arm-none-eabi-5_4-2016q3-20160926-win32/bin/../lib/gcc/arm-none-eabi/5.4.1/../../../../arm-none-eabi/lib/armv6-m\libg.a(lib_a-memcpy-stub.o)
                0x0800370c                memcpy
 .text.rand     0x08003788       0x34 c:/gcc-arm-none-eabi-5_4-2016q3-20160926-win32/bin/../lib/gcc/arm-none-eabi/5.4.1/../../../../arm-none-eabi/lib/armv6-m\libg.a(lib_a-rand.o)
                0x08003788                rand
 .text          0x080037bc       0x58 c:/gcc-arm-none-eabi-5_4-2016q3-20160926-win32/bin/../lib/gcc/arm-none-eabi/5.4.1/armv6-m\libgcc.a(_muldi3.o)
                0x080037bc                __muldi3
                0x080037bc                __aeabi_lmul
 *(.init)
 *(.fini)
 *crtbegin.o(.ctors)
 *crtbegin?.o(.ctors)
 *(EXCLUDE_FILE(*crtend.o *crtend?.o) .ctors)
 *(SORT(.ctors.*))
 *(.ctors)
 *crtbegin.o(.dtors)
 *crtbegin?.o(.dtors)
 *(EXCLUDE_FILE(*crtend.o *crtend?.o) .dtors)
 *(SORT(.dtors.*))
 *(.dtors)
 *(.rodata*)
 .rodata        0x08003814      0x2ff ..\obj\aes.o
 *fill*         0x08003b13        0x1 
 .rodata        0x08003b14       0x28 ..\obj\pinata_protocol.o
                0x08003b14                defaultKeyAES
                0x08003b24                defaultKeyDES
                0x08003b2c                cmdByteIsWrong
                0x08003b34                codeVersion
 .rodata        0x08003b3c       0x30 ..\obj\des.o
 *(.eh_fram e*)

.glue_7         0x08003b6c        0x0
 .glue_7        0x08003b6c        0x0 linker stubs

.glue_7t        0x08003b6c        0x0
 .glue_7t       0x08003b6c        0x0 linker stubs

.vfp11_veneer   0x08003b6c        0x0
 .vfp11_veneer  0x08003b6c        0x0 linker stubs

.v4_bx          0x08003b6c        0x0
 .v4_bx         0x08003b6c        0x0 linker stubs

.iplt           0x08003b6c        0x0
 .iplt          0x08003b6c        0x0 ..\obj\stm32f0xx_rcc.o

.rel.dyn        0x08003b6c        0x0
 .rel.iplt      0x08003b6c        0x0 ..\obj\stm32f0xx_rcc.o

.ARM.extab
 *(.ARM.extab* .gnu.linkonce.armextab.*)
                0x08003b6c                __exidx_start = .

.ARM.exidx
 *(.ARM.exidx* .gnu.linkonce.armexidx.*)
                0x08003b6c                __exidx_end = .
                0x08003b6c                __etext = .
                0x08003b6c                _sidata = __etext

.data           0x20000000      0x65c load address 0x08003b6c
                0x20000000                __data_start__ = .
                0x20000000                _sdata = __data_start__
 *(vtable)
 *(.data*)
 .data          0x20000000        0x8 ..\obj\pinata_protocol.o
                0x20000000                Pincode
 .data          0x20000008      0x224 ..\obj\des.o
                0x20000008                rounds
                0x2000020c                Sbox
 *fill*         0x2000022c        0x4 
 .data.impure_data
                0x20000230      0x428 c:/gcc-arm-none-eabi-5_4-2016q3-20160926-win32/bin/../lib/gcc/arm-none-eabi/5.4.1/../../../../arm-none-eabi/lib/armv6-m\libg.a(lib_a-impure.o)
 .data._impure_ptr
                0x20000658        0x4 c:/gcc-arm-none-eabi-5_4-2016q3-20160926-win32/bin/../lib/gcc/arm-none-eabi/5.4.1/../../../../arm-none-eabi/lib/armv6-m\libg.a(lib_a-impure.o)
                0x20000658                _impure_ptr
                0x2000065c                . = ALIGN (0x4)
                [!provide]                PROVIDE (__preinit_array_start, .)
 *(.preinit_array)
                [!provide]                PROVIDE (__preinit_array_end, .)
                0x2000065c                . = ALIGN (0x4)
                [!provide]                PROVIDE (__init_array_start, .)
 *(SORT(.init_array.*))
 *(.init_array)
                [!provide]                PROVIDE (__init_array_end, .)
                0x2000065c                . = ALIGN (0x4)
                [!provide]                PROVIDE (__fini_array_start, .)
 *(SORT(.fini_array.*))
 *(.fini_array)
                [!provide]                PROVIDE (__fini_array_end, .)
 *(.jcr*)
                0x2000065c                . = ALIGN (0x4)
                0x2000065c                __data_end__ = .
                0x2000065c                _edata = __data_end__

.igot.plt       0x2000065c        0x0 load address 0x080041c8
 .igot.plt      0x2000065c        0x0 ..\obj\stm32f0xx_rcc.o

.bss            0x2000065c      0x1e8 load address 0x080041c8
                0x2000065c                . = ALIGN (0x4)
                0x2000065c                __bss_start__ = .
                0x2000065c                _sbss = __bss_start__
 *(.bss*)
 .bss           0x2000065c       0xcc ..\obj\aes.o
 .bss           0x20000728        0x1 ..\obj\uart_arduino.o
                0x20000728                charter
 *(COMMON)
 *fill*         0x20000729        0x3 
 COMMON         0x2000072c      0x100 ..\obj\pinata_protocol.o
                0x2000072c                BufferTx
                0x200007ac                BufferRx
 COMMON         0x2000082c       0x18 ..\obj\des.o
                0x2000082c                mask1
                0x20000830                mask2
                0x20000834                l
                0x20000838                k
                0x20000840                r
                0x20000844                . = ALIGN (0x4)
                0x20000844                __bss_end__ = .
                0x20000844                _ebss = __bss_end__

.heap           0x20000844        0x0
                0x20000844                __end__ = .
                0x20000844                _end = __end__
                0x20000844                end = __end__
 *(.heap*)
                0x20000844                __HeapLimit = .

.co_stack       0x20000844        0x4 load address 0x080043b0
                0x20000848                . = ALIGN (0x8)
 *fill*         0x20000844        0x4 
 *(.co_stack .co_stack.*)
                0x20002000                __StackTop = (ORIGIN (ram) + LENGTH (ram))
                0x20001ffc                __StackLimit = (__StackTop - SIZEOF (.co_stack))
                [!provide]                PROVIDE (__stack, __StackTop)
                0x00000001                ASSERT ((__StackLimit >= __HeapLimit), region ram  overflowed with stack)
LOAD ..\obj\stm32f0xx_rcc.o
LOAD ..\obj\main.o
LOAD ..\obj\startup_stm32f0xx.o
LOAD ..\obj\aes.o
LOAD ..\obj\system_stm32f0xx_temp.o
LOAD ..\obj\stm32f0xx_gpio.o
LOAD ..\obj\syscalls.o
LOAD ..\obj\stm32f0xx_usart.o
LOAD ..\obj\uart_arduino.o
LOAD ..\obj\trigger_arduino.o
LOAD ..\obj\pinata_protocol.o
LOAD ..\obj\led_arduino.o
LOAD ..\obj\clock_arduino.o
LOAD ..\obj\des.o
START GROUP
LOAD c:/gcc-arm-none-eabi-5_4-2016q3-20160926-win32/bin/../lib/gcc/arm-none-eabi/5.4.1/armv6-m\libgcc.a
LOAD c:/gcc-arm-none-eabi-5_4-2016q3-20160926-win32/bin/../lib/gcc/arm-none-eabi/5.4.1/../../../../arm-none-eabi/lib/armv6-m\libg.a
LOAD c:/gcc-arm-none-eabi-5_4-2016q3-20160926-win32/bin/../lib/gcc/arm-none-eabi/5.4.1/../../../../arm-none-eabi/lib/armv6-m\libc.a
END GROUP
OUTPUT(STM32F0Xnucleo_jitter.elf elf32-littlearm)

.debug_info     0x00000000     0x3deb
 .debug_info    0x00000000      0x9b0 ..\obj\stm32f0xx_rcc.o
 .debug_info    0x000009b0       0xa4 ..\obj\main.o
 .debug_info    0x00000a54       0xcb ..\obj\startup_stm32f0xx.o
 .debug_info    0x00000b1f      0x5e4 ..\obj\aes.o
 .debug_info    0x00001103      0x2fd ..\obj\system_stm32f0xx_temp.o
 .debug_info    0x00001400      0x5e7 ..\obj\stm32f0xx_gpio.o
 .debug_info    0x000019e7      0xe36 ..\obj\stm32f0xx_usart.o
 .debug_info    0x0000281d      0x50e ..\obj\uart_arduino.o
 .debug_info    0x00002d2b      0x2f7 ..\obj\trigger_arduino.o
 .debug_info    0x00003022      0x37c ..\obj\pinata_protocol.o
 .debug_info    0x0000339e      0x2f7 ..\obj\led_arduino.o
 .debug_info    0x00003695      0x756 ..\obj\des.o

.debug_abbrev   0x00000000      0xe47
 .debug_abbrev  0x00000000      0x1ee ..\obj\stm32f0xx_rcc.o
 .debug_abbrev  0x000001ee       0x44 ..\obj\main.o
 .debug_abbrev  0x00000232       0x12 ..\obj\startup_stm32f0xx.o
 .debug_abbrev  0x00000244      0x198 ..\obj\aes.o
 .debug_abbrev  0x000003dc      0x136 ..\obj\system_stm32f0xx_temp.o
 .debug_abbrev  0x00000512      0x19f ..\obj\stm32f0xx_gpio.o
 .debug_abbrev  0x000006b1      0x15e ..\obj\stm32f0xx_usart.o
 .debug_abbrev  0x0000080f      0x18c ..\obj\uart_arduino.o
 .debug_abbrev  0x0000099b      0x106 ..\obj\trigger_arduino.o
 .debug_abbrev  0x00000aa1       0xec ..\obj\pinata_protocol.o
 .debug_abbrev  0x00000b8d      0x10a ..\obj\led_arduino.o
 .debug_abbrev  0x00000c97      0x1b0 ..\obj\des.o

.debug_aranges  0x00000000      0x638
 .debug_aranges
                0x00000000      0x150 ..\obj\stm32f0xx_rcc.o
 .debug_aranges
                0x00000150       0x20 ..\obj\main.o
 .debug_aranges
                0x00000170       0x28 ..\obj\startup_stm32f0xx.o
 .debug_aranges
                0x00000198       0xa0 ..\obj\aes.o
 .debug_aranges
                0x00000238       0x30 ..\obj\system_stm32f0xx_temp.o
 .debug_aranges
                0x00000268       0x80 ..\obj\stm32f0xx_gpio.o
 .debug_aranges
                0x000002e8      0x1a0 ..\obj\stm32f0xx_usart.o
 .debug_aranges
                0x00000488       0x58 ..\obj\uart_arduino.o
 .debug_aranges
                0x000004e0       0x30 ..\obj\trigger_arduino.o
 .debug_aranges
                0x00000510       0x68 ..\obj\pinata_protocol.o
 .debug_aranges
                0x00000578       0x30 ..\obj\led_arduino.o
 .debug_aranges
                0x000005a8       0x90 ..\obj\des.o

.debug_ranges   0x00000000      0x580
 .debug_ranges  0x00000000      0x140 ..\obj\stm32f0xx_rcc.o
 .debug_ranges  0x00000140       0x10 ..\obj\main.o
 .debug_ranges  0x00000150       0x20 ..\obj\startup_stm32f0xx.o
 .debug_ranges  0x00000170       0x90 ..\obj\aes.o
 .debug_ranges  0x00000200       0x20 ..\obj\system_stm32f0xx_temp.o
 .debug_ranges  0x00000220       0x70 ..\obj\stm32f0xx_gpio.o
 .debug_ranges  0x00000290      0x190 ..\obj\stm32f0xx_usart.o
 .debug_ranges  0x00000420       0x48 ..\obj\uart_arduino.o
 .debug_ranges  0x00000468       0x20 ..\obj\trigger_arduino.o
 .debug_ranges  0x00000488       0x58 ..\obj\pinata_protocol.o
 .debug_ranges  0x000004e0       0x20 ..\obj\led_arduino.o
 .debug_ranges  0x00000500       0x80 ..\obj\des.o

.debug_line     0x00000000     0x227a
 .debug_line    0x00000000      0x53b ..\obj\stm32f0xx_rcc.o
 .debug_line    0x0000053b       0x75 ..\obj\main.o
 .debug_line    0x000005b0       0xb8 ..\obj\startup_stm32f0xx.o
 .debug_line    0x00000668      0x476 ..\obj\aes.o
 .debug_line    0x00000ade      0x1be ..\obj\system_stm32f0xx_temp.o
 .debug_line    0x00000c9c      0x30f ..\obj\stm32f0xx_gpio.o
 .debug_line    0x00000fab      0x5fb ..\obj\stm32f0xx_usart.o
 .debug_line    0x000015a6      0x26f ..\obj\uart_arduino.o
 .debug_line    0x00001815      0x1f2 ..\obj\trigger_arduino.o
 .debug_line    0x00001a07      0x297 ..\obj\pinata_protocol.o
 .debug_line    0x00001c9e      0x1ee ..\obj\led_arduino.o
 .debug_line    0x00001e8c      0x3ee ..\obj\des.o

.debug_str      0x00000000     0x184b
 .debug_str     0x00000000      0x68f ..\obj\stm32f0xx_rcc.o
                                0x728 (size before relaxing)
 .debug_str     0x0000068f       0x9e ..\obj\main.o
                                0x1b3 (size before relaxing)
 .debug_str     0x0000072d      0x14e ..\obj\aes.o
                                0x2c4 (size before relaxing)
 .debug_str     0x0000087b       0xb7 ..\obj\system_stm32f0xx_temp.o
                                0x29f (size before relaxing)
 .debug_str     0x00000932      0x32e ..\obj\stm32f0xx_gpio.o
                                0x48f (size before relaxing)
 .debug_str     0x00000c60      0x70e ..\obj\stm32f0xx_usart.o
                                0x956 (size before relaxing)
 .debug_str     0x0000136e      0x115 ..\obj\uart_arduino.o
                                0x4a6 (size before relaxing)
 .debug_str     0x00001483       0x69 ..\obj\trigger_arduino.o
                                0x369 (size before relaxing)
 .debug_str     0x000014ec      0x1ed ..\obj\pinata_protocol.o
                                0x370 (size before relaxing)
 .debug_str     0x000016d9       0x6e ..\obj\led_arduino.o
                                0x36e (size before relaxing)
 .debug_str     0x00001747      0x104 ..\obj\des.o
                                0x24f (size before relaxing)

.comment        0x00000000       0x6e
 .comment       0x00000000       0x6e ..\obj\stm32f0xx_rcc.o
                                 0x6f (size before relaxing)
 .comment       0x0000006e       0x6f ..\obj\main.o
 .comment       0x0000006e       0x6f ..\obj\aes.o
 .comment       0x0000006e       0x6f ..\obj\system_stm32f0xx_temp.o
 .comment       0x0000006e       0x6f ..\obj\stm32f0xx_gpio.o
 .comment       0x0000006e       0x6f ..\obj\stm32f0xx_usart.o
 .comment       0x0000006e       0x6f ..\obj\uart_arduino.o
 .comment       0x0000006e       0x6f ..\obj\trigger_arduino.o
 .comment       0x0000006e       0x6f ..\obj\pinata_protocol.o
 .comment       0x0000006e       0x6f ..\obj\led_arduino.o
 .comment       0x0000006e       0x6f ..\obj\des.o

.ARM.attributes
                0x00000000       0x2f
 .ARM.attributes
                0x00000000       0x31 ..\obj\stm32f0xx_rcc.o
 .ARM.attributes
                0x00000031       0x31 ..\obj\main.o
 .ARM.attributes
                0x00000062       0x21 ..\obj\startup_stm32f0xx.o
 .ARM.attributes
                0x00000083       0x31 ..\obj\aes.o
 .ARM.attributes
                0x000000b4       0x31 ..\obj\system_stm32f0xx_temp.o
 .ARM.attributes
                0x000000e5       0x31 ..\obj\stm32f0xx_gpio.o
 .ARM.attributes
                0x00000116       0x31 ..\obj\stm32f0xx_usart.o
 .ARM.attributes
                0x00000147       0x31 ..\obj\uart_arduino.o
 .ARM.attributes
                0x00000178       0x31 ..\obj\trigger_arduino.o
 .ARM.attributes
                0x000001a9       0x31 ..\obj\pinata_protocol.o
 .ARM.attributes
                0x000001da       0x31 ..\obj\led_arduino.o
 .ARM.attributes
                0x0000020b       0x31 ..\obj\des.o
 .ARM.attributes
                0x0000023c       0x1e c:/gcc-arm-none-eabi-5_4-2016q3-20160926-win32/bin/../lib/gcc/arm-none-eabi/5.4.1/armv6-m\libgcc.a(_divsi3.o)
 .ARM.attributes
                0x0000025a       0x1e c:/gcc-arm-none-eabi-5_4-2016q3-20160926-win32/bin/../lib/gcc/arm-none-eabi/5.4.1/armv6-m\libgcc.a(_dvmd_tls.o)
 .ARM.attributes
                0x00000278       0x2c c:/gcc-arm-none-eabi-5_4-2016q3-20160926-win32/bin/../lib/gcc/arm-none-eabi/5.4.1/../../../../arm-none-eabi/lib/armv6-m\libg.a(lib_a-memcpy-stub.o)
 .ARM.attributes
                0x000002a4       0x2c c:/gcc-arm-none-eabi-5_4-2016q3-20160926-win32/bin/../lib/gcc/arm-none-eabi/5.4.1/../../../../arm-none-eabi/lib/armv6-m\libg.a(lib_a-rand.o)
 .ARM.attributes
                0x000002d0       0x2c c:/gcc-arm-none-eabi-5_4-2016q3-20160926-win32/bin/../lib/gcc/arm-none-eabi/5.4.1/../../../../arm-none-eabi/lib/armv6-m\libg.a(lib_a-impure.o)
 .ARM.attributes
                0x000002fc       0x2c c:/gcc-arm-none-eabi-5_4-2016q3-20160926-win32/bin/../lib/gcc/arm-none-eabi/5.4.1/armv6-m\libgcc.a(_muldi3.o)

.debug_frame    0x00000000     0x156c
 .debug_frame   0x00000000      0x4e4 ..\obj\stm32f0xx_rcc.o
 .debug_frame   0x000004e4       0x2c ..\obj\main.o
 .debug_frame   0x00000510      0x23c ..\obj\aes.o
 .debug_frame   0x0000074c       0x6c ..\obj\system_stm32f0xx_temp.o
 .debug_frame   0x000007b8      0x1b0 ..\obj\stm32f0xx_gpio.o
 .debug_frame   0x00000968      0x630 ..\obj\stm32f0xx_usart.o
 .debug_frame   0x00000f98      0x104 ..\obj\uart_arduino.o
 .debug_frame   0x0000109c       0x68 ..\obj\trigger_arduino.o
 .debug_frame   0x00001104      0x14c ..\obj\pinata_protocol.o
 .debug_frame   0x00001250       0x68 ..\obj\led_arduino.o
 .debug_frame   0x000012b8      0x1fc ..\obj\des.o
 .debug_frame   0x000014b4       0x20 c:/gcc-arm-none-eabi-5_4-2016q3-20160926-win32/bin/../lib/gcc/arm-none-eabi/5.4.1/armv6-m\libgcc.a(_divsi3.o)
 .debug_frame   0x000014d4       0x2c c:/gcc-arm-none-eabi-5_4-2016q3-20160926-win32/bin/../lib/gcc/arm-none-eabi/5.4.1/../../../../arm-none-eabi/lib/armv6-m\libg.a(lib_a-memcpy-stub.o)
 .debug_frame   0x00001500       0x38 c:/gcc-arm-none-eabi-5_4-2016q3-20160926-win32/bin/../lib/gcc/arm-none-eabi/5.4.1/../../../../arm-none-eabi/lib/armv6-m\libg.a(lib_a-rand.o)
 .debug_frame   0x00001538       0x34 c:/gcc-arm-none-eabi-5_4-2016q3-20160926-win32/bin/../lib/gcc/arm-none-eabi/5.4.1/armv6-m\libgcc.a(_muldi3.o)
